// Jest Snapshot v1, https://goo.gl/fbAQLP

exports[`<App /> renders correctly 1`] = `
<DocumentFragment>
  <div
    class="vcc-app-container"
  >
    <div
      class="ui active transition visible dimmer"
      style="display: flex;"
    >
      <div
        class="content"
      >
        <div
          class="ui loader"
        />
      </div>
    </div>
  </div>
</DocumentFragment>
`;
